Watching for file changes with StatReloader
"GET /external-approvals/ HTTP/1.1" 200 36572
"GET /external-approvals/ HTTP/1.1" 200 36572
"GET /external-approvals/early/ HTTP/1.1" 200 42806
"GET /external-approvals/early/ HTTP/1.1" 200 42806
D:\desktop\rphospital\src\frontend\views.py changed, reloading.
Watching for file changes with StatReloader
Internal Server Error: /external-approvals/
Traceback (most recent call last):
  File "D:\desktop\rphospital\Lib\site-packages\django\core\handlers\exception.py", line 55, in inner
    response = get_response(request)
               ^^^^^^^^^^^^^^^^^^^^^
  File "D:\desktop\rphospital\Lib\site-packages\django\core\handlers\base.py", line 197, in _get_response
    response = wrapped_callback(request, *callback_args, **callback_kwargs)
               ^^^^^^^^^^^^^^^^^^^^^^^^^^^^^^^^^^^^^^^^^^^^^^^^^^^^^^^^^^^^
  File "D:\desktop\rphospital\src\frontend\views.py", line 480, in external_approvals
    return render(request, 'frontend/external_approvals.html', context)
           ^^^^^^^^^^^^^^^^^^^^^^^^^^^^^^^^^^^^^^^^^^^^^^^^^^^^^^^^^^^^
  File "D:\desktop\rphospital\Lib\site-packages\django\shortcuts.py", line 25, in render
    content = loader.render_to_string(template_name, context, request, using=using)
              ^^^^^^^^^^^^^^^^^^^^^^^^^^^^^^^^^^^^^^^^^^^^^^^^^^^^^^^^^^^^^^^^^^^^^
  File "D:\desktop\rphospital\Lib\site-packages\django\template\loader.py", line 62, in render_to_string
    return template.render(context, request)
           ^^^^^^^^^^^^^^^^^^^^^^^^^^^^^^^^^
  File "D:\desktop\rphospital\Lib\site-packages\django\template\backends\django.py", line 107, in render
    return self.template.render(context)
           ^^^^^^^^^^^^^^^^^^^^^^^^^^^^^
  File "D:\desktop\rphospital\Lib\site-packages\django\template\base.py", line 172, in render
    return self._render(context)
           ^^^^^^^^^^^^^^^^^^^^^
  File "D:\desktop\rphospital\Lib\site-packages\django\template\base.py", line 164, in _render
    return self.nodelist.render(context)
           ^^^^^^^^^^^^^^^^^^^^^^^^^^^^^
  File "D:\desktop\rphospital\Lib\site-packages\django\template\base.py", line 1018, in render
    return SafeString("".join([node.render_annotated(context) for node in self]))
                              ^^^^^^^^^^^^^^^^^^^^^^^^^^^^^^^^^^^^^^^^^^^^^^^^^
  File "D:\desktop\rphospital\Lib\site-packages\django\template\base.py", line 1018, in <listcomp>
    return SafeString("".join([node.render_annotated(context) for node in self]))
                               ^^^^^^^^^^^^^^^^^^^^^^^^^^^^^^
  File "D:\desktop\rphospital\Lib\site-packages\django\template\base.py", line 979, in render_annotated
    return self.render(context)
           ^^^^^^^^^^^^^^^^^^^^
  File "D:\desktop\rphospital\Lib\site-packages\django\template\loader_tags.py", line 159, in render
    return compiled_parent._render(context)
           ^^^^^^^^^^^^^^^^^^^^^^^^^^^^^^^^
  File "D:\desktop\rphospital\Lib\site-packages\django\template\base.py", line 164, in _render
    return self.nodelist.render(context)
           ^^^^^^^^^^^^^^^^^^^^^^^^^^^^^
  File "D:\desktop\rphospital\Lib\site-packages\django\template\base.py", line 1018, in render
    return SafeString("".join([node.render_annotated(context) for node in self]))
                              ^^^^^^^^^^^^^^^^^^^^^^^^^^^^^^^^^^^^^^^^^^^^^^^^^
  File "D:\desktop\rphospital\Lib\site-packages\django\template\base.py", line 1018, in <listcomp>
    return SafeString("".join([node.render_annotated(context) for node in self]))
                               ^^^^^^^^^^^^^^^^^^^^^^^^^^^^^^
  File "D:\desktop\rphospital\Lib\site-packages\django\template\base.py", line 979, in render_annotated
    return self.render(context)
           ^^^^^^^^^^^^^^^^^^^^
  File "D:\desktop\rphospital\Lib\site-packages\django\template\loader_tags.py", line 65, in render
    result = block.nodelist.render(context)
             ^^^^^^^^^^^^^^^^^^^^^^^^^^^^^^
  File "D:\desktop\rphospital\Lib\site-packages\django\template\base.py", line 1018, in render
    return SafeString("".join([node.render_annotated(context) for node in self]))
                              ^^^^^^^^^^^^^^^^^^^^^^^^^^^^^^^^^^^^^^^^^^^^^^^^^
  File "D:\desktop\rphospital\Lib\site-packages\django\template\base.py", line 1018, in <listcomp>
    return SafeString("".join([node.render_annotated(context) for node in self]))
                               ^^^^^^^^^^^^^^^^^^^^^^^^^^^^^^
  File "D:\desktop\rphospital\Lib\site-packages\django\template\base.py", line 979, in render_annotated
    return self.render(context)
           ^^^^^^^^^^^^^^^^^^^^
  File "D:\desktop\rphospital\Lib\site-packages\django\template\defaulttags.py", line 243, in render
    nodelist.append(node.render_annotated(context))
                    ^^^^^^^^^^^^^^^^^^^^^^^^^^^^^^
  File "D:\desktop\rphospital\Lib\site-packages\django\template\base.py", line 979, in render_annotated
    return self.render(context)
           ^^^^^^^^^^^^^^^^^^^^
  File "D:\desktop\rphospital\Lib\site-packages\django\template\defaulttags.py", line 480, in render
    url = reverse(view_name, args=args, kwargs=kwargs, current_app=current_app)
          ^^^^^^^^^^^^^^^^^^^^^^^^^^^^^^^^^^^^^^^^^^^^^^^^^^^^^^^^^^^^^^^^^^^^^
  File "D:\desktop\rphospital\Lib\site-packages\django\urls\base.py", line 98, in reverse
    resolved_url = resolver._reverse_with_prefix(view, prefix, *args, **kwargs)
                   ^^^^^^^^^^^^^^^^^^^^^^^^^^^^^^^^^^^^^^^^^^^^^^^^^^^^^^^^^^^^
  File "D:\desktop\rphospital\Lib\site-packages\django\urls\resolvers.py", line 831, in _reverse_with_prefix
    raise NoReverseMatch(msg)
django.urls.exceptions.NoReverseMatch: Reverse for 'external_approvals_detail' with arguments '('',)' not found. 1 pattern(s) tried: ['external\\-approvals/(?P<filter_type>[^/]+)/\\Z']
"GET /external-approvals/ HTTP/1.1" 500 235878
Internal Server Error: /external-approvals/
Traceback (most recent call last):
  File "D:\desktop\rphospital\Lib\site-packages\django\core\handlers\exception.py", line 55, in inner
    response = get_response(request)
               ^^^^^^^^^^^^^^^^^^^^^
  File "D:\desktop\rphospital\Lib\site-packages\django\core\handlers\base.py", line 197, in _get_response
    response = wrapped_callback(request, *callback_args, **callback_kwargs)
               ^^^^^^^^^^^^^^^^^^^^^^^^^^^^^^^^^^^^^^^^^^^^^^^^^^^^^^^^^^^^
  File "D:\desktop\rphospital\src\frontend\views.py", line 480, in external_approvals
    return render(request, 'frontend/external_approvals.html', context)
           ^^^^^^^^^^^^^^^^^^^^^^^^^^^^^^^^^^^^^^^^^^^^^^^^^^^^^^^^^^^^
  File "D:\desktop\rphospital\Lib\site-packages\django\shortcuts.py", line 25, in render
    content = loader.render_to_string(template_name, context, request, using=using)
              ^^^^^^^^^^^^^^^^^^^^^^^^^^^^^^^^^^^^^^^^^^^^^^^^^^^^^^^^^^^^^^^^^^^^^
  File "D:\desktop\rphospital\Lib\site-packages\django\template\loader.py", line 62, in render_to_string
    return template.render(context, request)
           ^^^^^^^^^^^^^^^^^^^^^^^^^^^^^^^^^
  File "D:\desktop\rphospital\Lib\site-packages\django\template\backends\django.py", line 107, in render
    return self.template.render(context)
           ^^^^^^^^^^^^^^^^^^^^^^^^^^^^^
  File "D:\desktop\rphospital\Lib\site-packages\django\template\base.py", line 172, in render
    return self._render(context)
           ^^^^^^^^^^^^^^^^^^^^^
  File "D:\desktop\rphospital\Lib\site-packages\django\template\base.py", line 164, in _render
    return self.nodelist.render(context)
           ^^^^^^^^^^^^^^^^^^^^^^^^^^^^^
  File "D:\desktop\rphospital\Lib\site-packages\django\template\base.py", line 1018, in render
    return SafeString("".join([node.render_annotated(context) for node in self]))
                              ^^^^^^^^^^^^^^^^^^^^^^^^^^^^^^^^^^^^^^^^^^^^^^^^^
  File "D:\desktop\rphospital\Lib\site-packages\django\template\base.py", line 1018, in <listcomp>
    return SafeString("".join([node.render_annotated(context) for node in self]))
                               ^^^^^^^^^^^^^^^^^^^^^^^^^^^^^^
  File "D:\desktop\rphospital\Lib\site-packages\django\template\base.py", line 979, in render_annotated
    return self.render(context)
           ^^^^^^^^^^^^^^^^^^^^
  File "D:\desktop\rphospital\Lib\site-packages\django\template\loader_tags.py", line 159, in render
    return compiled_parent._render(context)
           ^^^^^^^^^^^^^^^^^^^^^^^^^^^^^^^^
  File "D:\desktop\rphospital\Lib\site-packages\django\template\base.py", line 164, in _render
    return self.nodelist.render(context)
           ^^^^^^^^^^^^^^^^^^^^^^^^^^^^^
  File "D:\desktop\rphospital\Lib\site-packages\django\template\base.py", line 1018, in render
    return SafeString("".join([node.render_annotated(context) for node in self]))
                              ^^^^^^^^^^^^^^^^^^^^^^^^^^^^^^^^^^^^^^^^^^^^^^^^^
  File "D:\desktop\rphospital\Lib\site-packages\django\template\base.py", line 1018, in <listcomp>
    return SafeString("".join([node.render_annotated(context) for node in self]))
                               ^^^^^^^^^^^^^^^^^^^^^^^^^^^^^^
  File "D:\desktop\rphospital\Lib\site-packages\django\template\base.py", line 979, in render_annotated
    return self.render(context)
           ^^^^^^^^^^^^^^^^^^^^
  File "D:\desktop\rphospital\Lib\site-packages\django\template\loader_tags.py", line 65, in render
    result = block.nodelist.render(context)
             ^^^^^^^^^^^^^^^^^^^^^^^^^^^^^^
  File "D:\desktop\rphospital\Lib\site-packages\django\template\base.py", line 1018, in render
    return SafeString("".join([node.render_annotated(context) for node in self]))
                              ^^^^^^^^^^^^^^^^^^^^^^^^^^^^^^^^^^^^^^^^^^^^^^^^^
  File "D:\desktop\rphospital\Lib\site-packages\django\template\base.py", line 1018, in <listcomp>
    return SafeString("".join([node.render_annotated(context) for node in self]))
                               ^^^^^^^^^^^^^^^^^^^^^^^^^^^^^^
  File "D:\desktop\rphospital\Lib\site-packages\django\template\base.py", line 979, in render_annotated
    return self.render(context)
           ^^^^^^^^^^^^^^^^^^^^
  File "D:\desktop\rphospital\Lib\site-packages\django\template\defaulttags.py", line 243, in render
    nodelist.append(node.render_annotated(context))
                    ^^^^^^^^^^^^^^^^^^^^^^^^^^^^^^
  File "D:\desktop\rphospital\Lib\site-packages\django\template\base.py", line 979, in render_annotated
    return self.render(context)
           ^^^^^^^^^^^^^^^^^^^^
  File "D:\desktop\rphospital\Lib\site-packages\django\template\defaulttags.py", line 480, in render
    url = reverse(view_name, args=args, kwargs=kwargs, current_app=current_app)
          ^^^^^^^^^^^^^^^^^^^^^^^^^^^^^^^^^^^^^^^^^^^^^^^^^^^^^^^^^^^^^^^^^^^^^
  File "D:\desktop\rphospital\Lib\site-packages\django\urls\base.py", line 98, in reverse
    resolved_url = resolver._reverse_with_prefix(view, prefix, *args, **kwargs)
                   ^^^^^^^^^^^^^^^^^^^^^^^^^^^^^^^^^^^^^^^^^^^^^^^^^^^^^^^^^^^^
  File "D:\desktop\rphospital\Lib\site-packages\django\urls\resolvers.py", line 831, in _reverse_with_prefix
    raise NoReverseMatch(msg)
django.urls.exceptions.NoReverseMatch: Reverse for 'external_approvals_detail' with arguments '('',)' not found. 1 pattern(s) tried: ['external\\-approvals/(?P<filter_type>[^/]+)/\\Z']
"GET /external-approvals/ HTTP/1.1" 500 235878
Watching for file changes with StatReloader
Internal Server Error: /external-approvals/
Traceback (most recent call last):
  File "D:\desktop\rphospital\Lib\site-packages\django\core\handlers\exception.py", line 55, in inner
    response = get_response(request)
               ^^^^^^^^^^^^^^^^^^^^^
  File "D:\desktop\rphospital\Lib\site-packages\django\core\handlers\base.py", line 197, in _get_response
    response = wrapped_callback(request, *callback_args, **callback_kwargs)
               ^^^^^^^^^^^^^^^^^^^^^^^^^^^^^^^^^^^^^^^^^^^^^^^^^^^^^^^^^^^^
  File "D:\desktop\rphospital\src\frontend\views.py", line 480, in external_approvals
    return render(request, 'frontend/external_approvals.html', context)
           ^^^^^^^^^^^^^^^^^^^^^^^^^^^^^^^^^^^^^^^^^^^^^^^^^^^^^^^^^^^^
  File "D:\desktop\rphospital\Lib\site-packages\django\shortcuts.py", line 25, in render
    content = loader.render_to_string(template_name, context, request, using=using)
              ^^^^^^^^^^^^^^^^^^^^^^^^^^^^^^^^^^^^^^^^^^^^^^^^^^^^^^^^^^^^^^^^^^^^^
  File "D:\desktop\rphospital\Lib\site-packages\django\template\loader.py", line 62, in render_to_string
    return template.render(context, request)
           ^^^^^^^^^^^^^^^^^^^^^^^^^^^^^^^^^
  File "D:\desktop\rphospital\Lib\site-packages\django\template\backends\django.py", line 107, in render
    return self.template.render(context)
           ^^^^^^^^^^^^^^^^^^^^^^^^^^^^^
  File "D:\desktop\rphospital\Lib\site-packages\django\template\base.py", line 172, in render
    return self._render(context)
           ^^^^^^^^^^^^^^^^^^^^^
  File "D:\desktop\rphospital\Lib\site-packages\django\template\base.py", line 164, in _render
    return self.nodelist.render(context)
           ^^^^^^^^^^^^^^^^^^^^^^^^^^^^^
  File "D:\desktop\rphospital\Lib\site-packages\django\template\base.py", line 1018, in render
    return SafeString("".join([node.render_annotated(context) for node in self]))
                              ^^^^^^^^^^^^^^^^^^^^^^^^^^^^^^^^^^^^^^^^^^^^^^^^^
  File "D:\desktop\rphospital\Lib\site-packages\django\template\base.py", line 1018, in <listcomp>
    return SafeString("".join([node.render_annotated(context) for node in self]))
                               ^^^^^^^^^^^^^^^^^^^^^^^^^^^^^^
  File "D:\desktop\rphospital\Lib\site-packages\django\template\base.py", line 979, in render_annotated
    return self.render(context)
           ^^^^^^^^^^^^^^^^^^^^
  File "D:\desktop\rphospital\Lib\site-packages\django\template\loader_tags.py", line 159, in render
    return compiled_parent._render(context)
           ^^^^^^^^^^^^^^^^^^^^^^^^^^^^^^^^
  File "D:\desktop\rphospital\Lib\site-packages\django\template\base.py", line 164, in _render
    return self.nodelist.render(context)
           ^^^^^^^^^^^^^^^^^^^^^^^^^^^^^
  File "D:\desktop\rphospital\Lib\site-packages\django\template\base.py", line 1018, in render
    return SafeString("".join([node.render_annotated(context) for node in self]))
                              ^^^^^^^^^^^^^^^^^^^^^^^^^^^^^^^^^^^^^^^^^^^^^^^^^
  File "D:\desktop\rphospital\Lib\site-packages\django\template\base.py", line 1018, in <listcomp>
    return SafeString("".join([node.render_annotated(context) for node in self]))
                               ^^^^^^^^^^^^^^^^^^^^^^^^^^^^^^
  File "D:\desktop\rphospital\Lib\site-packages\django\template\base.py", line 979, in render_annotated
    return self.render(context)
           ^^^^^^^^^^^^^^^^^^^^
  File "D:\desktop\rphospital\Lib\site-packages\django\template\loader_tags.py", line 65, in render
    result = block.nodelist.render(context)
             ^^^^^^^^^^^^^^^^^^^^^^^^^^^^^^
  File "D:\desktop\rphospital\Lib\site-packages\django\template\base.py", line 1018, in render
    return SafeString("".join([node.render_annotated(context) for node in self]))
                              ^^^^^^^^^^^^^^^^^^^^^^^^^^^^^^^^^^^^^^^^^^^^^^^^^
  File "D:\desktop\rphospital\Lib\site-packages\django\template\base.py", line 1018, in <listcomp>
    return SafeString("".join([node.render_annotated(context) for node in self]))
                               ^^^^^^^^^^^^^^^^^^^^^^^^^^^^^^
  File "D:\desktop\rphospital\Lib\site-packages\django\template\base.py", line 979, in render_annotated
    return self.render(context)
           ^^^^^^^^^^^^^^^^^^^^
  File "D:\desktop\rphospital\Lib\site-packages\django\template\defaulttags.py", line 243, in render
    nodelist.append(node.render_annotated(context))
                    ^^^^^^^^^^^^^^^^^^^^^^^^^^^^^^
  File "D:\desktop\rphospital\Lib\site-packages\django\template\base.py", line 979, in render_annotated
    return self.render(context)
           ^^^^^^^^^^^^^^^^^^^^
  File "D:\desktop\rphospital\Lib\site-packages\django\template\defaulttags.py", line 480, in render
    url = reverse(view_name, args=args, kwargs=kwargs, current_app=current_app)
          ^^^^^^^^^^^^^^^^^^^^^^^^^^^^^^^^^^^^^^^^^^^^^^^^^^^^^^^^^^^^^^^^^^^^^
  File "D:\desktop\rphospital\Lib\site-packages\django\urls\base.py", line 98, in reverse
    resolved_url = resolver._reverse_with_prefix(view, prefix, *args, **kwargs)
                   ^^^^^^^^^^^^^^^^^^^^^^^^^^^^^^^^^^^^^^^^^^^^^^^^^^^^^^^^^^^^
  File "D:\desktop\rphospital\Lib\site-packages\django\urls\resolvers.py", line 831, in _reverse_with_prefix
    raise NoReverseMatch(msg)
django.urls.exceptions.NoReverseMatch: Reverse for 'external_approvals_detail' with arguments '('',)' not found. 1 pattern(s) tried: ['external\\-approvals/(?P<filter_type>[^/]+)/\\Z']
"GET /external-approvals/ HTTP/1.1" 500 235878
Internal Server Error: /external-approvals/
Traceback (most recent call last):
  File "D:\desktop\rphospital\Lib\site-packages\django\core\handlers\exception.py", line 55, in inner
    response = get_response(request)
               ^^^^^^^^^^^^^^^^^^^^^
  File "D:\desktop\rphospital\Lib\site-packages\django\core\handlers\base.py", line 197, in _get_response
    response = wrapped_callback(request, *callback_args, **callback_kwargs)
               ^^^^^^^^^^^^^^^^^^^^^^^^^^^^^^^^^^^^^^^^^^^^^^^^^^^^^^^^^^^^
  File "D:\desktop\rphospital\src\frontend\views.py", line 480, in external_approvals
    return render(request, 'frontend/external_approvals.html', context)
           ^^^^^^^^^^^^^^^^^^^^^^^^^^^^^^^^^^^^^^^^^^^^^^^^^^^^^^^^^^^^
  File "D:\desktop\rphospital\Lib\site-packages\django\shortcuts.py", line 25, in render
    content = loader.render_to_string(template_name, context, request, using=using)
              ^^^^^^^^^^^^^^^^^^^^^^^^^^^^^^^^^^^^^^^^^^^^^^^^^^^^^^^^^^^^^^^^^^^^^
  File "D:\desktop\rphospital\Lib\site-packages\django\template\loader.py", line 62, in render_to_string
    return template.render(context, request)
           ^^^^^^^^^^^^^^^^^^^^^^^^^^^^^^^^^
  File "D:\desktop\rphospital\Lib\site-packages\django\template\backends\django.py", line 107, in render
    return self.template.render(context)
           ^^^^^^^^^^^^^^^^^^^^^^^^^^^^^
  File "D:\desktop\rphospital\Lib\site-packages\django\template\base.py", line 172, in render
    return self._render(context)
           ^^^^^^^^^^^^^^^^^^^^^
  File "D:\desktop\rphospital\Lib\site-packages\django\template\base.py", line 164, in _render
    return self.nodelist.render(context)
           ^^^^^^^^^^^^^^^^^^^^^^^^^^^^^
  File "D:\desktop\rphospital\Lib\site-packages\django\template\base.py", line 1018, in render
    return SafeString("".join([node.render_annotated(context) for node in self]))
                              ^^^^^^^^^^^^^^^^^^^^^^^^^^^^^^^^^^^^^^^^^^^^^^^^^
  File "D:\desktop\rphospital\Lib\site-packages\django\template\base.py", line 1018, in <listcomp>
    return SafeString("".join([node.render_annotated(context) for node in self]))
                               ^^^^^^^^^^^^^^^^^^^^^^^^^^^^^^
  File "D:\desktop\rphospital\Lib\site-packages\django\template\base.py", line 979, in render_annotated
    return self.render(context)
           ^^^^^^^^^^^^^^^^^^^^
  File "D:\desktop\rphospital\Lib\site-packages\django\template\loader_tags.py", line 159, in render
    return compiled_parent._render(context)
           ^^^^^^^^^^^^^^^^^^^^^^^^^^^^^^^^
  File "D:\desktop\rphospital\Lib\site-packages\django\template\base.py", line 164, in _render
    return self.nodelist.render(context)
           ^^^^^^^^^^^^^^^^^^^^^^^^^^^^^
  File "D:\desktop\rphospital\Lib\site-packages\django\template\base.py", line 1018, in render
    return SafeString("".join([node.render_annotated(context) for node in self]))
                              ^^^^^^^^^^^^^^^^^^^^^^^^^^^^^^^^^^^^^^^^^^^^^^^^^
  File "D:\desktop\rphospital\Lib\site-packages\django\template\base.py", line 1018, in <listcomp>
    return SafeString("".join([node.render_annotated(context) for node in self]))
                               ^^^^^^^^^^^^^^^^^^^^^^^^^^^^^^
  File "D:\desktop\rphospital\Lib\site-packages\django\template\base.py", line 979, in render_annotated
    return self.render(context)
           ^^^^^^^^^^^^^^^^^^^^
  File "D:\desktop\rphospital\Lib\site-packages\django\template\loader_tags.py", line 65, in render
    result = block.nodelist.render(context)
             ^^^^^^^^^^^^^^^^^^^^^^^^^^^^^^
  File "D:\desktop\rphospital\Lib\site-packages\django\template\base.py", line 1018, in render
    return SafeString("".join([node.render_annotated(context) for node in self]))
                              ^^^^^^^^^^^^^^^^^^^^^^^^^^^^^^^^^^^^^^^^^^^^^^^^^
  File "D:\desktop\rphospital\Lib\site-packages\django\template\base.py", line 1018, in <listcomp>
    return SafeString("".join([node.render_annotated(context) for node in self]))
                               ^^^^^^^^^^^^^^^^^^^^^^^^^^^^^^
  File "D:\desktop\rphospital\Lib\site-packages\django\template\base.py", line 979, in render_annotated
    return self.render(context)
           ^^^^^^^^^^^^^^^^^^^^
  File "D:\desktop\rphospital\Lib\site-packages\django\template\defaulttags.py", line 243, in render
    nodelist.append(node.render_annotated(context))
                    ^^^^^^^^^^^^^^^^^^^^^^^^^^^^^^
  File "D:\desktop\rphospital\Lib\site-packages\django\template\base.py", line 979, in render_annotated
    return self.render(context)
           ^^^^^^^^^^^^^^^^^^^^
  File "D:\desktop\rphospital\Lib\site-packages\django\template\defaulttags.py", line 480, in render
    url = reverse(view_name, args=args, kwargs=kwargs, current_app=current_app)
          ^^^^^^^^^^^^^^^^^^^^^^^^^^^^^^^^^^^^^^^^^^^^^^^^^^^^^^^^^^^^^^^^^^^^^
  File "D:\desktop\rphospital\Lib\site-packages\django\urls\base.py", line 98, in reverse
    resolved_url = resolver._reverse_with_prefix(view, prefix, *args, **kwargs)
                   ^^^^^^^^^^^^^^^^^^^^^^^^^^^^^^^^^^^^^^^^^^^^^^^^^^^^^^^^^^^^
  File "D:\desktop\rphospital\Lib\site-packages\django\urls\resolvers.py", line 831, in _reverse_with_prefix
    raise NoReverseMatch(msg)
django.urls.exceptions.NoReverseMatch: Reverse for 'external_approvals_detail' with arguments '('',)' not found. 1 pattern(s) tried: ['external\\-approvals/(?P<filter_type>[^/]+)/\\Z']
"GET /external-approvals/ HTTP/1.1" 500 238010
Internal Server Error: /external-approvals/
Traceback (most recent call last):
  File "D:\desktop\rphospital\Lib\site-packages\django\core\handlers\exception.py", line 55, in inner
    response = get_response(request)
               ^^^^^^^^^^^^^^^^^^^^^
  File "D:\desktop\rphospital\Lib\site-packages\django\core\handlers\base.py", line 197, in _get_response
    response = wrapped_callback(request, *callback_args, **callback_kwargs)
               ^^^^^^^^^^^^^^^^^^^^^^^^^^^^^^^^^^^^^^^^^^^^^^^^^^^^^^^^^^^^
  File "D:\desktop\rphospital\src\frontend\views.py", line 480, in external_approvals
    return render(request, 'frontend/external_approvals.html', context)
           ^^^^^^^^^^^^^^^^^^^^^^^^^^^^^^^^^^^^^^^^^^^^^^^^^^^^^^^^^^^^
  File "D:\desktop\rphospital\Lib\site-packages\django\shortcuts.py", line 25, in render
    content = loader.render_to_string(template_name, context, request, using=using)
              ^^^^^^^^^^^^^^^^^^^^^^^^^^^^^^^^^^^^^^^^^^^^^^^^^^^^^^^^^^^^^^^^^^^^^
  File "D:\desktop\rphospital\Lib\site-packages\django\template\loader.py", line 62, in render_to_string
    return template.render(context, request)
           ^^^^^^^^^^^^^^^^^^^^^^^^^^^^^^^^^
  File "D:\desktop\rphospital\Lib\site-packages\django\template\backends\django.py", line 107, in render
    return self.template.render(context)
           ^^^^^^^^^^^^^^^^^^^^^^^^^^^^^
  File "D:\desktop\rphospital\Lib\site-packages\django\template\base.py", line 172, in render
    return self._render(context)
           ^^^^^^^^^^^^^^^^^^^^^
  File "D:\desktop\rphospital\Lib\site-packages\django\template\base.py", line 164, in _render
    return self.nodelist.render(context)
           ^^^^^^^^^^^^^^^^^^^^^^^^^^^^^
  File "D:\desktop\rphospital\Lib\site-packages\django\template\base.py", line 1018, in render
    return SafeString("".join([node.render_annotated(context) for node in self]))
                              ^^^^^^^^^^^^^^^^^^^^^^^^^^^^^^^^^^^^^^^^^^^^^^^^^
  File "D:\desktop\rphospital\Lib\site-packages\django\template\base.py", line 1018, in <listcomp>
    return SafeString("".join([node.render_annotated(context) for node in self]))
                               ^^^^^^^^^^^^^^^^^^^^^^^^^^^^^^
  File "D:\desktop\rphospital\Lib\site-packages\django\template\base.py", line 979, in render_annotated
    return self.render(context)
           ^^^^^^^^^^^^^^^^^^^^
  File "D:\desktop\rphospital\Lib\site-packages\django\template\loader_tags.py", line 159, in render
    return compiled_parent._render(context)
           ^^^^^^^^^^^^^^^^^^^^^^^^^^^^^^^^
  File "D:\desktop\rphospital\Lib\site-packages\django\template\base.py", line 164, in _render
    return self.nodelist.render(context)
           ^^^^^^^^^^^^^^^^^^^^^^^^^^^^^
  File "D:\desktop\rphospital\Lib\site-packages\django\template\base.py", line 1018, in render
    return SafeString("".join([node.render_annotated(context) for node in self]))
                              ^^^^^^^^^^^^^^^^^^^^^^^^^^^^^^^^^^^^^^^^^^^^^^^^^
  File "D:\desktop\rphospital\Lib\site-packages\django\template\base.py", line 1018, in <listcomp>
    return SafeString("".join([node.render_annotated(context) for node in self]))
                               ^^^^^^^^^^^^^^^^^^^^^^^^^^^^^^
  File "D:\desktop\rphospital\Lib\site-packages\django\template\base.py", line 979, in render_annotated
    return self.render(context)
           ^^^^^^^^^^^^^^^^^^^^
  File "D:\desktop\rphospital\Lib\site-packages\django\template\loader_tags.py", line 65, in render
    result = block.nodelist.render(context)
             ^^^^^^^^^^^^^^^^^^^^^^^^^^^^^^
  File "D:\desktop\rphospital\Lib\site-packages\django\template\base.py", line 1018, in render
    return SafeString("".join([node.render_annotated(context) for node in self]))
                              ^^^^^^^^^^^^^^^^^^^^^^^^^^^^^^^^^^^^^^^^^^^^^^^^^
  File "D:\desktop\rphospital\Lib\site-packages\django\template\base.py", line 1018, in <listcomp>
    return SafeString("".join([node.render_annotated(context) for node in self]))
                               ^^^^^^^^^^^^^^^^^^^^^^^^^^^^^^
  File "D:\desktop\rphospital\Lib\site-packages\django\template\base.py", line 979, in render_annotated
    return self.render(context)
           ^^^^^^^^^^^^^^^^^^^^
  File "D:\desktop\rphospital\Lib\site-packages\django\template\defaulttags.py", line 243, in render
    nodelist.append(node.render_annotated(context))
                    ^^^^^^^^^^^^^^^^^^^^^^^^^^^^^^
  File "D:\desktop\rphospital\Lib\site-packages\django\template\base.py", line 979, in render_annotated
    return self.render(context)
           ^^^^^^^^^^^^^^^^^^^^
  File "D:\desktop\rphospital\Lib\site-packages\django\template\defaulttags.py", line 480, in render
    url = reverse(view_name, args=args, kwargs=kwargs, current_app=current_app)
          ^^^^^^^^^^^^^^^^^^^^^^^^^^^^^^^^^^^^^^^^^^^^^^^^^^^^^^^^^^^^^^^^^^^^^
  File "D:\desktop\rphospital\Lib\site-packages\django\urls\base.py", line 98, in reverse
    resolved_url = resolver._reverse_with_prefix(view, prefix, *args, **kwargs)
                   ^^^^^^^^^^^^^^^^^^^^^^^^^^^^^^^^^^^^^^^^^^^^^^^^^^^^^^^^^^^^
  File "D:\desktop\rphospital\Lib\site-packages\django\urls\resolvers.py", line 831, in _reverse_with_prefix
    raise NoReverseMatch(msg)
django.urls.exceptions.NoReverseMatch: Reverse for 'external_approvals_detail' with arguments '('',)' not found. 1 pattern(s) tried: ['external\\-approvals/(?P<filter_type>[^/]+)/\\Z']
"GET /external-approvals/ HTTP/1.1" 500 238010
Internal Server Error: /external-approvals/
Traceback (most recent call last):
  File "D:\desktop\rphospital\Lib\site-packages\django\core\handlers\exception.py", line 55, in inner
    response = get_response(request)
               ^^^^^^^^^^^^^^^^^^^^^
  File "D:\desktop\rphospital\Lib\site-packages\django\core\handlers\base.py", line 197, in _get_response
    response = wrapped_callback(request, *callback_args, **callback_kwargs)
               ^^^^^^^^^^^^^^^^^^^^^^^^^^^^^^^^^^^^^^^^^^^^^^^^^^^^^^^^^^^^
  File "D:\desktop\rphospital\src\frontend\views.py", line 480, in external_approvals
    return render(request, 'frontend/external_approvals.html', context)
           ^^^^^^^^^^^^^^^^^^^^^^^^^^^^^^^^^^^^^^^^^^^^^^^^^^^^^^^^^^^^
  File "D:\desktop\rphospital\Lib\site-packages\django\shortcuts.py", line 25, in render
    content = loader.render_to_string(template_name, context, request, using=using)
              ^^^^^^^^^^^^^^^^^^^^^^^^^^^^^^^^^^^^^^^^^^^^^^^^^^^^^^^^^^^^^^^^^^^^^
  File "D:\desktop\rphospital\Lib\site-packages\django\template\loader.py", line 62, in render_to_string
    return template.render(context, request)
           ^^^^^^^^^^^^^^^^^^^^^^^^^^^^^^^^^
  File "D:\desktop\rphospital\Lib\site-packages\django\template\backends\django.py", line 107, in render
    return self.template.render(context)
           ^^^^^^^^^^^^^^^^^^^^^^^^^^^^^
  File "D:\desktop\rphospital\Lib\site-packages\django\template\base.py", line 172, in render
    return self._render(context)
           ^^^^^^^^^^^^^^^^^^^^^
  File "D:\desktop\rphospital\Lib\site-packages\django\template\base.py", line 164, in _render
    return self.nodelist.render(context)
           ^^^^^^^^^^^^^^^^^^^^^^^^^^^^^
  File "D:\desktop\rphospital\Lib\site-packages\django\template\base.py", line 1018, in render
    return SafeString("".join([node.render_annotated(context) for node in self]))
                              ^^^^^^^^^^^^^^^^^^^^^^^^^^^^^^^^^^^^^^^^^^^^^^^^^
  File "D:\desktop\rphospital\Lib\site-packages\django\template\base.py", line 1018, in <listcomp>
    return SafeString("".join([node.render_annotated(context) for node in self]))
                               ^^^^^^^^^^^^^^^^^^^^^^^^^^^^^^
  File "D:\desktop\rphospital\Lib\site-packages\django\template\base.py", line 979, in render_annotated
    return self.render(context)
           ^^^^^^^^^^^^^^^^^^^^
  File "D:\desktop\rphospital\Lib\site-packages\django\template\loader_tags.py", line 159, in render
    return compiled_parent._render(context)
           ^^^^^^^^^^^^^^^^^^^^^^^^^^^^^^^^
  File "D:\desktop\rphospital\Lib\site-packages\django\template\base.py", line 164, in _render
    return self.nodelist.render(context)
           ^^^^^^^^^^^^^^^^^^^^^^^^^^^^^
  File "D:\desktop\rphospital\Lib\site-packages\django\template\base.py", line 1018, in render
    return SafeString("".join([node.render_annotated(context) for node in self]))
                              ^^^^^^^^^^^^^^^^^^^^^^^^^^^^^^^^^^^^^^^^^^^^^^^^^
  File "D:\desktop\rphospital\Lib\site-packages\django\template\base.py", line 1018, in <listcomp>
    return SafeString("".join([node.render_annotated(context) for node in self]))
                               ^^^^^^^^^^^^^^^^^^^^^^^^^^^^^^
  File "D:\desktop\rphospital\Lib\site-packages\django\template\base.py", line 979, in render_annotated
    return self.render(context)
           ^^^^^^^^^^^^^^^^^^^^
  File "D:\desktop\rphospital\Lib\site-packages\django\template\loader_tags.py", line 65, in render
    result = block.nodelist.render(context)
             ^^^^^^^^^^^^^^^^^^^^^^^^^^^^^^
  File "D:\desktop\rphospital\Lib\site-packages\django\template\base.py", line 1018, in render
    return SafeString("".join([node.render_annotated(context) for node in self]))
                              ^^^^^^^^^^^^^^^^^^^^^^^^^^^^^^^^^^^^^^^^^^^^^^^^^
  File "D:\desktop\rphospital\Lib\site-packages\django\template\base.py", line 1018, in <listcomp>
    return SafeString("".join([node.render_annotated(context) for node in self]))
                               ^^^^^^^^^^^^^^^^^^^^^^^^^^^^^^
  File "D:\desktop\rphospital\Lib\site-packages\django\template\base.py", line 979, in render_annotated
    return self.render(context)
           ^^^^^^^^^^^^^^^^^^^^
  File "D:\desktop\rphospital\Lib\site-packages\django\template\defaulttags.py", line 243, in render
    nodelist.append(node.render_annotated(context))
                    ^^^^^^^^^^^^^^^^^^^^^^^^^^^^^^
  File "D:\desktop\rphospital\Lib\site-packages\django\template\base.py", line 979, in render_annotated
    return self.render(context)
           ^^^^^^^^^^^^^^^^^^^^
  File "D:\desktop\rphospital\Lib\site-packages\django\template\defaulttags.py", line 480, in render
    url = reverse(view_name, args=args, kwargs=kwargs, current_app=current_app)
          ^^^^^^^^^^^^^^^^^^^^^^^^^^^^^^^^^^^^^^^^^^^^^^^^^^^^^^^^^^^^^^^^^^^^^
  File "D:\desktop\rphospital\Lib\site-packages\django\urls\base.py", line 98, in reverse
    resolved_url = resolver._reverse_with_prefix(view, prefix, *args, **kwargs)
                   ^^^^^^^^^^^^^^^^^^^^^^^^^^^^^^^^^^^^^^^^^^^^^^^^^^^^^^^^^^^^
  File "D:\desktop\rphospital\Lib\site-packages\django\urls\resolvers.py", line 831, in _reverse_with_prefix
    raise NoReverseMatch(msg)
django.urls.exceptions.NoReverseMatch: Reverse for 'external_approvals_detail' with arguments '('',)' not found. 1 pattern(s) tried: ['external\\-approvals/(?P<filter_type>[^/]+)/\\Z']
"GET /external-approvals/ HTTP/1.1" 500 238010
Internal Server Error: /external-approvals/
Traceback (most recent call last):
  File "D:\desktop\rphospital\Lib\site-packages\django\core\handlers\exception.py", line 55, in inner
    response = get_response(request)
               ^^^^^^^^^^^^^^^^^^^^^
  File "D:\desktop\rphospital\Lib\site-packages\django\core\handlers\base.py", line 197, in _get_response
    response = wrapped_callback(request, *callback_args, **callback_kwargs)
               ^^^^^^^^^^^^^^^^^^^^^^^^^^^^^^^^^^^^^^^^^^^^^^^^^^^^^^^^^^^^
  File "D:\desktop\rphospital\src\frontend\views.py", line 480, in external_approvals
    return render(request, 'frontend/external_approvals.html', context)
           ^^^^^^^^^^^^^^^^^^^^^^^^^^^^^^^^^^^^^^^^^^^^^^^^^^^^^^^^^^^^
  File "D:\desktop\rphospital\Lib\site-packages\django\shortcuts.py", line 25, in render
    content = loader.render_to_string(template_name, context, request, using=using)
              ^^^^^^^^^^^^^^^^^^^^^^^^^^^^^^^^^^^^^^^^^^^^^^^^^^^^^^^^^^^^^^^^^^^^^
  File "D:\desktop\rphospital\Lib\site-packages\django\template\loader.py", line 62, in render_to_string
    return template.render(context, request)
           ^^^^^^^^^^^^^^^^^^^^^^^^^^^^^^^^^
  File "D:\desktop\rphospital\Lib\site-packages\django\template\backends\django.py", line 107, in render
    return self.template.render(context)
           ^^^^^^^^^^^^^^^^^^^^^^^^^^^^^
  File "D:\desktop\rphospital\Lib\site-packages\django\template\base.py", line 172, in render
    return self._render(context)
           ^^^^^^^^^^^^^^^^^^^^^
  File "D:\desktop\rphospital\Lib\site-packages\django\template\base.py", line 164, in _render
    return self.nodelist.render(context)
           ^^^^^^^^^^^^^^^^^^^^^^^^^^^^^
  File "D:\desktop\rphospital\Lib\site-packages\django\template\base.py", line 1018, in render
    return SafeString("".join([node.render_annotated(context) for node in self]))
                              ^^^^^^^^^^^^^^^^^^^^^^^^^^^^^^^^^^^^^^^^^^^^^^^^^
  File "D:\desktop\rphospital\Lib\site-packages\django\template\base.py", line 1018, in <listcomp>
    return SafeString("".join([node.render_annotated(context) for node in self]))
                               ^^^^^^^^^^^^^^^^^^^^^^^^^^^^^^
  File "D:\desktop\rphospital\Lib\site-packages\django\template\base.py", line 979, in render_annotated
    return self.render(context)
           ^^^^^^^^^^^^^^^^^^^^
  File "D:\desktop\rphospital\Lib\site-packages\django\template\loader_tags.py", line 159, in render
    return compiled_parent._render(context)
           ^^^^^^^^^^^^^^^^^^^^^^^^^^^^^^^^
  File "D:\desktop\rphospital\Lib\site-packages\django\template\base.py", line 164, in _render
    return self.nodelist.render(context)
           ^^^^^^^^^^^^^^^^^^^^^^^^^^^^^
  File "D:\desktop\rphospital\Lib\site-packages\django\template\base.py", line 1018, in render
    return SafeString("".join([node.render_annotated(context) for node in self]))
                              ^^^^^^^^^^^^^^^^^^^^^^^^^^^^^^^^^^^^^^^^^^^^^^^^^
  File "D:\desktop\rphospital\Lib\site-packages\django\template\base.py", line 1018, in <listcomp>
    return SafeString("".join([node.render_annotated(context) for node in self]))
                               ^^^^^^^^^^^^^^^^^^^^^^^^^^^^^^
  File "D:\desktop\rphospital\Lib\site-packages\django\template\base.py", line 979, in render_annotated
    return self.render(context)
           ^^^^^^^^^^^^^^^^^^^^
  File "D:\desktop\rphospital\Lib\site-packages\django\template\loader_tags.py", line 65, in render
    result = block.nodelist.render(context)
             ^^^^^^^^^^^^^^^^^^^^^^^^^^^^^^
  File "D:\desktop\rphospital\Lib\site-packages\django\template\base.py", line 1018, in render
    return SafeString("".join([node.render_annotated(context) for node in self]))
                              ^^^^^^^^^^^^^^^^^^^^^^^^^^^^^^^^^^^^^^^^^^^^^^^^^
  File "D:\desktop\rphospital\Lib\site-packages\django\template\base.py", line 1018, in <listcomp>
    return SafeString("".join([node.render_annotated(context) for node in self]))
                               ^^^^^^^^^^^^^^^^^^^^^^^^^^^^^^
  File "D:\desktop\rphospital\Lib\site-packages\django\template\base.py", line 979, in render_annotated
    return self.render(context)
           ^^^^^^^^^^^^^^^^^^^^
  File "D:\desktop\rphospital\Lib\site-packages\django\template\defaulttags.py", line 243, in render
    nodelist.append(node.render_annotated(context))
                    ^^^^^^^^^^^^^^^^^^^^^^^^^^^^^^
  File "D:\desktop\rphospital\Lib\site-packages\django\template\base.py", line 979, in render_annotated
    return self.render(context)
           ^^^^^^^^^^^^^^^^^^^^
  File "D:\desktop\rphospital\Lib\site-packages\django\template\defaulttags.py", line 480, in render
    url = reverse(view_name, args=args, kwargs=kwargs, current_app=current_app)
          ^^^^^^^^^^^^^^^^^^^^^^^^^^^^^^^^^^^^^^^^^^^^^^^^^^^^^^^^^^^^^^^^^^^^^
  File "D:\desktop\rphospital\Lib\site-packages\django\urls\base.py", line 98, in reverse
    resolved_url = resolver._reverse_with_prefix(view, prefix, *args, **kwargs)
                   ^^^^^^^^^^^^^^^^^^^^^^^^^^^^^^^^^^^^^^^^^^^^^^^^^^^^^^^^^^^^
  File "D:\desktop\rphospital\Lib\site-packages\django\urls\resolvers.py", line 831, in _reverse_with_prefix
    raise NoReverseMatch(msg)
django.urls.exceptions.NoReverseMatch: Reverse for 'external_approvals_detail' with arguments '('',)' not found. 1 pattern(s) tried: ['external\\-approvals/(?P<filter_type>[^/]+)/\\Z']
"GET /external-approvals/ HTTP/1.1" 500 238028
D:\desktop\rphospital\src\frontend\views.py changed, reloading.
Watching for file changes with StatReloader
"GET /external-approvals/ HTTP/1.1" 200 42610
"GET /external-approvals/total/ HTTP/1.1" 200 874263
"GET /external-approvals/coordinator/ HTTP/1.1" 200 547451
"GET /external-approvals/status_patient_refused/ HTTP/1.1" 200 795954
"GET /external-approvals/status_undefined/ HTTP/1.1" 200 139833
"GET /external-approvals/status_undefined/?attachment_type=%D8%B3%D9%8A%D9%84%D8%B2&company=&sub_account=&doctor=&specialty=&main_status=&date_from=&date_to= HTTP/1.1" 200 59517
"GET /external-approvals/ HTTP/1.1" 200 42610
"GET /external-approvals/status_serv_done/ HTTP/1.1" 200 837438
"GET /external-approvals/status_serv_done/?attachment_type=&company=&sub_account=AAIB&doctor=&specialty=&main_status=&date_from=&date_to= HTTP/1.1" 200 59357
"GET /external-approvals/ HTTP/1.1" 200 42610
"GET /external-approvals/accounts/ HTTP/1.1" 200 820143
"GET /external-approvals/accounts/ HTTP/1.1" 200 820143
"GET /external-approvals/total/ HTTP/1.1" 200 874263
"GET /external-approvals/without_approval/ HTTP/1.1" 200 825788
"GET /external-approvals/without_approval/ HTTP/1.1" 200 825788
"GET /external-approvals/ HTTP/1.1" 200 42080
"GET /external-approvals/ HTTP/1.1" 200 49560
D:\desktop\rphospital\src\frontend\views.py changed, reloading.
Watching for file changes with StatReloader
"GET /external-approvals/ HTTP/1.1" 200 49738
"GET /external-approvals/status_undefined/ HTTP/1.1" 200 139833
Not Found: /.well-known/appspecific/com.chrome.devtools.json
"GET /.well-known/appspecific/com.chrome.devtools.json HTTP/1.1" 404 13690
"GET /external-approvals/total/ HTTP/1.1" 200 874263
Not Found: /.well-known/appspecific/com.chrome.devtools.json
"GET /.well-known/appspecific/com.chrome.devtools.json HTTP/1.1" 404 13690
"GET /external-approvals/ HTTP/1.1" 200 49738
Not Found: /.well-known/appspecific/com.chrome.devtools.json
"GET /.well-known/appspecific/com.chrome.devtools.json HTTP/1.1" 404 13690
Watching for file changes with StatReloader
"GET /external-approvals/ HTTP/1.1" 200 49738
"GET /cash-packages/ HTTP/1.1" 200 577237
"GET / HTTP/1.1" 200 34264
"GET /external-approvals/ HTTP/1.1" 200 49738
"GET /pending-analysis/ HTTP/1.1" 200 119676
"GET /report-statistic/140/ HTTP/1.1" 200 57108
"GET /pending-analysis/ HTTP/1.1" 200 119676
D:\desktop\rphospital\src\frontend\views.py changed, reloading.
Watching for file changes with StatReloader
D:\desktop\rphospital\src\frontend\views.py changed, reloading.
Watching for file changes with StatReloader
"GET /pending-analysis/ HTTP/1.1" 200 166006
"GET /external-approvals/total/ HTTP/1.1" 200 874263
D:\desktop\rphospital\src\frontend\views.py changed, reloading.
Watching for file changes with StatReloader
Internal Server Error: /pending-analysis/
Traceback (most recent call last):
  File "D:\desktop\rphospital\Lib\site-packages\django\db\models\sql\query.py", line 2245, in add_fields
    join_info = self.setup_joins(
                ^^^^^^^^^^^^^^^^^
  File "D:\desktop\rphospital\Lib\site-packages\django\db\models\sql\query.py", line 1908, in setup_joins
    path, final_field, targets, rest = self.names_to_path(
                                       ^^^^^^^^^^^^^^^^^^^
  File "D:\desktop\rphospital\Lib\site-packages\django\db\models\sql\query.py", line 1813, in names_to_path
    raise FieldError(
django.core.exceptions.FieldError: Cannot resolve keyword 'sector' into field. Choices are: account_number, accounts_notes, admission_date, agent_1, agent_2, approval, approval_date, approval_review_responsible, attachment_type, billing_status, card_number, company, created_at, date, doctor_name, expiry_date, head, id, initial_cost, last_update, main_status, medical_number, notes, opd_sales_cs, or_coordinator_notes, patient_name, phone, pricing_date, pricing_responsible, procedure, received_cost, report, request_approval_no, required, sales_account, sales_notes, specialty, status, sub_account, updated_at, user

During handling of the above exception, another exception occurred:

Traceback (most recent call last):
  File "D:\desktop\rphospital\Lib\site-packages\django\core\handlers\exception.py", line 55, in inner
    response = get_response(request)
               ^^^^^^^^^^^^^^^^^^^^^
  File "D:\desktop\rphospital\Lib\site-packages\django\core\handlers\base.py", line 197, in _get_response
    response = wrapped_callback(request, *callback_args, **callback_kwargs)
               ^^^^^^^^^^^^^^^^^^^^^^^^^^^^^^^^^^^^^^^^^^^^^^^^^^^^^^^^^^^^
  File "D:\desktop\rphospital\src\frontend\views.py", line 2028, in pending_analysis
    all_records.values('sector')
  File "D:\desktop\rphospital\Lib\site-packages\django\db\models\query.py", line 1370, in values
    clone = self._values(*fields, **expressions)
            ^^^^^^^^^^^^^^^^^^^^^^^^^^^^^^^^^^^^
  File "D:\desktop\rphospital\Lib\site-packages\django\db\models\query.py", line 1365, in _values
    clone.query.set_values(fields)
  File "D:\desktop\rphospital\Lib\site-packages\django\db\models\sql\query.py", line 2584, in set_values
    self.add_fields(field_names, True)
  File "D:\desktop\rphospital\Lib\site-packages\django\db\models\sql\query.py", line 2286, in add_fields
    raise FieldError(
django.core.exceptions.FieldError: Cannot resolve keyword 'sector' into field. Choices are: account_number, accounts_notes, admission_date, agent_1, agent_2, approval, approval_date, approval_review_responsible, attachment_type, billing_status, card_number, company, created_at, date, doctor_name, expiry_date, head, id, initial_cost, last_update, main_status, medical_number, notes, opd_sales_cs, or_coordinator_notes, patient_name, phone, pricing_date, pricing_responsible, procedure, received_cost, report, request_approval_no, required, sales_account, sales_notes, specialty, status, sub_account, updated_at, user
"GET /pending-analysis/ HTTP/1.1" 500 134001
D:\desktop\rphospital\src\frontend\views.py changed, reloading.
Watching for file changes with StatReloader
"GET /pending-analysis/ HTTP/1.1" 200 166261
"GET /pending-analysis/ HTTP/1.1" 200 166261
"GET /pending-analysis/ HTTP/1.1" 200 166259
"GET /external-approvals/total/ HTTP/1.1" 200 874263
D:\desktop\rphospital\src\frontend\views.py changed, reloading.
Watching for file changes with StatReloader
D:\desktop\rphospital\src\frontend\views.py changed, reloading.
Watching for file changes with StatReloader
"GET /pending-analysis/ HTTP/1.1" 200 166545
"GET /external-approvals/total/ HTTP/1.1" 200 874263
D:\desktop\rphospital\src\frontend\views.py changed, reloading.
Watching for file changes with StatReloader
"GET /pending-analysis/ HTTP/1.1" 200 168656
"GET /pending-analysis/ HTTP/1.1" 200 169422
"GET /external-approvals/status_rejected/ HTTP/1.1" 200 799334
"GET /external-approvals/status_patient_refused/ HTTP/1.1" 200 795954
"GET /external-approvals/status_serv_done/ HTTP/1.1" 200 837438
"GET /external-approvals/status_rejected/ HTTP/1.1" 200 799334
"GET /external-approvals/status_approved/ HTTP/1.1" 200 741916
"GET /external-approvals/ HTTP/1.1" 200 49738
Watching for file changes with StatReloader
"GET / HTTP/1.1" 200 34264
"GET /static/images/logo.jpeg HTTP/1.1" 200 68755
Not Found: /favicon.ico
"GET /favicon.ico HTTP/1.1" 404 13579
"GET /reports/ HTTP/1.1" 200 129398
Watching for file changes with StatReloader
"GET / HTTP/1.1" 200 34264
"GET /static/images/logo.jpeg HTTP/1.1" 200 68755
Not Found: /favicon.ico
"GET /favicon.ico HTTP/1.1" 404 13579
"GET /quality-dashboard/ HTTP/1.1" 200 27623
"GET /doctors/ HTTP/1.1" 200 24136
"GET /credit-package-pricing/ HTTP/1.1" 200 66256
"GET /credit-package-pricing/?company_search=%D8%A7%D8%A8%D8%A7%D8%AA%D8%B4%D9%89+%D9%85%D8%B5%D8%B1&company=152&specialty=&package_search=&package= HTTP/1.1" 200 211839
"GET /credit-package-pricing/?company_search=%D8%A7%D8%A8%D8%A7%D8%AA%D8%B4%D9%89+%D9%85%D8%B5%D8%B1&company=152&specialty=44&package_search=&package= HTTP/1.1" 200 57914
Not Found: /.well-known/appspecific/com.chrome.devtools.json
"GET /.well-known/appspecific/com.chrome.devtools.json HTTP/1.1" 404 13690
"GET /credit-package-pricing/?company=152&package=12902&company_search=%D8%A7%D8%A8%D8%A7%D8%AA%D8%B4%D9%89%20%D9%85%D8%B5%D8%B1&package_search=&specialty=44 HTTP/1.1" 200 69110
Not Found: /.well-known/appspecific/com.chrome.devtools.json
"GET /.well-known/appspecific/com.chrome.devtools.json HTTP/1.1" 404 13690
"GET /credit-package-pricing/?company=152&package=12903&company_search=%D8%A7%D8%A8%D8%A7%D8%AA%D8%B4%D9%89%20%D9%85%D8%B5%D8%B1&package_search=&specialty=44 HTTP/1.1" 200 69135
"GET /credit-package-pricing/?company=152&package=12903&company_search=%D8%A7%D8%A8%D8%A7%D8%AA%D8%B4%D9%89%20%D9%85%D8%B5%D8%B1&package_search=&specialty=44 HTTP/1.1" 200 69180
"GET /credit-package-pricing/?company=152&package=12903&company_search=%D8%A7%D8%A8%D8%A7%D8%AA%D8%B4%D9%89%20%D9%85%D8%B5%D8%B1&package_search=&specialty=44 HTTP/1.1" 200 69135
"GET /credit-package-pricing/?company=152&package=12903&company_search=%D8%A7%D8%A8%D8%A7%D8%AA%D8%B4%D9%89%20%D9%85%D8%B5%D8%B1&package_search=&specialty=44 HTTP/1.1" 200 69225
"GET /credit-package-pricing/?company=152&package=12903&company_search=%D8%A7%D8%A8%D8%A7%D8%AA%D8%B4%D9%89%20%D9%85%D8%B5%D8%B1&package_search=&specialty=44 HTTP/1.1" 200 69266
"GET /credit-package-pricing/?company=152&package=12903&company_search=%D8%A7%D8%A8%D8%A7%D8%AA%D8%B4%D9%89%20%D9%85%D8%B5%D8%B1&package_search=&specialty=44 HTTP/1.1" 200 69311
"GET /credit-package-pricing/?company=152&package=12903&company_search=%D8%A7%D8%A8%D8%A7%D8%AA%D8%B4%D9%89%20%D9%85%D8%B5%D8%B1&package_search=&specialty=44 HTTP/1.1" 200 69359
Not Found: /.well-known/appspecific/com.chrome.devtools.json
"GET /.well-known/appspecific/com.chrome.devtools.json HTTP/1.1" 404 13690
"GET /credit-package-pricing/?company=152&package=12903&company_search=%D8%A7%D8%A8%D8%A7%D8%AA%D8%B4%D9%89%20%D9%85%D8%B5%D8%B1&package_search=&specialty=44 HTTP/1.1" 200 69359
"GET /reports/ HTTP/1.1" 200 129398
"GET /reports/ HTTP/1.1" 200 129009
"GET /reports/ HTTP/1.1" 200 129398
"GET /reports/ HTTP/1.1" 200 123563
"GET /reports/ HTTP/1.1" 200 123563
"GET /reports/ HTTP/1.1" 200 123563
"GET /reports/ HTTP/1.1" 200 129398
"GET /reports/ HTTP/1.1" 200 125143
"GET /reports/ HTTP/1.1" 200 123706
"GET /reports/specialty/%D8%A7%D9%84%D8%AC%D8%B1%D8%A7%D8%AD%D9%87/?month= HTTP/1.1" 200 175492
"GET /reports/specialty/%D8%A7%D9%84%D8%A7%D9%86%D9%81%20%D9%88%D8%A7%D9%84%D8%A7%D8%B0%D9%86/?month= HTTP/1.1" 200 137976
"GET /reports/specialty/%D8%A7%D9%84%D8%A7%D9%86%D9%81%20%D9%88%D8%A7%D9%84%D8%A7%D8%B0%D9%86/?month= HTTP/1.1" 200 137974
"GET /reports/specialty/%D8%A7%D9%84%D8%A7%D9%86%D9%81%20%D9%88%D8%A7%D9%84%D8%A7%D8%B0%D9%86/?month= HTTP/1.1" 200 139737
Not Found: /.well-known/appspecific/com.chrome.devtools.json
"GET /.well-known/appspecific/com.chrome.devtools.json HTTP/1.1" 404 13690
"GET /contract-entities/ HTTP/1.1" 200 47022
"GET /contract-entities/ HTTP/1.1" 200 47004
"GET /contract-entities/ HTTP/1.1" 200 47004
"GET /company-discounts/ HTTP/1.1" 200 108964
"GET /company-discounts/?tab=discounts HTTP/1.1" 200 108964
"GET /company-discounts/?tab=discounts HTTP/1.1" 200 108304
"GET /company-discounts/?tab=discounts HTTP/1.1" 200 107696
"GET /company-discounts/?tab=discounts HTTP/1.1" 200 102320
"GET /company-discounts/?tab=discounts HTTP/1.1" 200 102320
"GET /company-discounts/?tab=discounts&search=&section=internal HTTP/1.1" 200 87979
"GET /company-discounts/?tab=discounts&search=&section=external HTTP/1.1" 200 72558
"GET /company-discounts/?tab=exceptions&section=external HTTP/1.1" 200 135502
"GET /company-discounts/?tab=discounts&section=external HTTP/1.1" 200 72558
"GET /company-discounts/?tab=discounts&section=external HTTP/1.1" 200 72558
"GET /company-discounts/ HTTP/1.1" 200 102320
"GET /company-discounts/?tab=discounts HTTP/1.1" 200 102320
"GET /company-discounts/?tab=discounts HTTP/1.1" 200 102320
"GET /company-discounts/?tab=discounts HTTP/1.1" 200 108964
"GET /company-discounts/?tab=discounts HTTP/1.1" 200 108920
"GET /company-discounts/?tab=discounts HTTP/1.1" 200 108964
"GET /credit-package-pricing/ HTTP/1.1" 200 66301
"GET /credit-package-pricing/?company_search=%D8%A7%D9%84%D8%A8%D9%86%D9%83+%D8%A7%D9%84%D8%B9%D8%B1%D8%A8%D9%89+%D8%A7%D9%84%D8%A7%D9%81%D8%B1%D9%8A%D9%82%D9%89&company=161&specialty=&package_search=&package= HTTP/1.1" 200 216408
"GET /credit-package-pricing/?company=161&package=13824&company_search=%D8%A7%D9%84%D8%A8%D9%86%D9%83%20%D8%A7%D9%84%D8%B9%D8%B1%D8%A8%D9%89%20%D8%A7%D9%84%D8%A7%D9%81%D8%B1%D9%8A%D9%82%D9%89&package_search=&specialty= HTTP/1.1" 200 89242
"GET /company-discounts/ HTTP/1.1" 200 114702
"GET /company-discounts/ HTTP/1.1" 200 114702
"GET /company-discounts/ HTTP/1.1" 200 108964
"GET /company-discounts/ HTTP/1.1" 200 114702
"GET /company-discounts/ HTTP/1.1" 200 116642
"GET /company-discounts/ HTTP/1.1" 200 117724
"GET /company-discounts/ HTTP/1.1" 200 109132
"GET /company-discounts/ HTTP/1.1" 200 115642
"GET /company-discounts/ HTTP/1.1" 200 118774
"GET /company-discounts/ HTTP/1.1" 200 118774
"GET /company-discounts/ HTTP/1.1" 200 109560
"GET /company-discounts/ HTTP/1.1" 200 109132
D:\desktop\rphospital\src\frontend\views.py changed, reloading.
Watching for file changes with StatReloader
"GET /company-discounts/ HTTP/1.1" 200 117052
D:\desktop\rphospital\src\frontend\views.py changed, reloading.
Watching for file changes with StatReloader
"GET /company-discounts/ HTTP/1.1" 200 117068
"GET /company-discounts/ HTTP/1.1" 200 108964
"GET /company-discounts/ HTTP/1.1" 200 109146
"GET /company-discounts/ HTTP/1.1" 200 117024
"GET /company-discounts/ HTTP/1.1" 200 117316
"GET /company-discounts/ HTTP/1.1" 200 116998
"GET /company-discounts/ HTTP/1.1" 200 108964
"GET /company-discounts/ HTTP/1.1" 200 99568
Not Found: /company-discounts/13%
"GET /company-discounts/13% HTTP/1.1" 404 13611
"GET /company-discounts/?tab=discounts&search=%D8%A8%D9%86%D9%83+%D9%85%D8%B5%D8%B1&section= HTTP/1.1" 200 74534
"GET /company-discounts/?tab=discounts&search=%D9%88%D8%B2%D8%A7%D8%B1%D8%A9+%D8%A7%D9%84%D8%B9%D8%AF%D9%84&section= HTTP/1.1" 200 74454
Watching for file changes with StatReloader
"GET /similar-invoices/ HTTP/1.1" 200 340704
"GET /similar-invoices/ HTTP/1.1" 200 314372
"GET /similar-invoices/ HTTP/1.1" 200 311336
Not Found: /.well-known/appspecific/com.chrome.devtools.json
"GET /.well-known/appspecific/com.chrome.devtools.json HTTP/1.1" 404 13690
"GET /similar-invoices/ HTTP/1.1" 200 313198
Watching for file changes with StatReloader
"GET /external-approvals/ HTTP/1.1" 200 49738
"GET /external-approvals/ HTTP/1.1" 200 51506
"GET /external-approvals/ HTTP/1.1" 200 51506
"GET /external-approvals/coordinator/ HTTP/1.1" 200 547451
"GET /external-approvals/ HTTP/1.1" 200 53298
"GET /external-approvals/ HTTP/1.1" 200 53298
"GET /pending-analysis/ HTTP/1.1" 200 169422
"GET /pending-analysis/ HTTP/1.1" 200 171444
- Broken pipe from ('127.0.0.1', 62210)
"GET /pending-analysis/ HTTP/1.1" 200 171444
"GET /pending-analysis/ HTTP/1.1" 200 171444
"GET /pending-analysis/ HTTP/1.1" 200 171556
"GET /pending-analysis/ HTTP/1.1" 200 172704
Not Found: /.well-known/appspecific/com.chrome.devtools.json
"GET /.well-known/appspecific/com.chrome.devtools.json HTTP/1.1" 404 13690
"GET /external-approvals/status_approved/ HTTP/1.1" 200 741916
"GET /pending-analysis/ HTTP/1.1" 200 171556
"GET /pending-analysis/ HTTP/1.1" 200 172704
"GET /pending-analysis/ HTTP/1.1" 200 172691
"GET /external-approvals/status_serv_done/ HTTP/1.1" 200 837438
"GET /pending-analysis/ HTTP/1.1" 200 180914
D:\desktop\rphospital\src\frontend\views.py changed, reloading.
Watching for file changes with StatReloader
"GET /pending-analysis/ HTTP/1.1" 200 183878
"GET /external-approvals/status_pending/ HTTP/1.1" 200 795507
"GET /external-approvals/status_patient_refused/ HTTP/1.1" 200 795954
"GET /external-approvals/status_rejected/ HTTP/1.1" 200 799334
- Broken pipe from ('127.0.0.1', 58340)
"GET /external-approvals/status_serv_done/ HTTP/1.1" 200 837438
"GET /external-approvals/status_patient_refused/ HTTP/1.1" 200 795954
"GET /external-approvals/total/ HTTP/1.1" 200 874263
"GET /external-approvals/ HTTP/1.1" 200 53298
"GET /external-approvals/coordinator/ HTTP/1.1" 200 547451
"GET /external-approvals/status_undefined/ HTTP/1.1" 200 139833
"GET /pending-analysis/ HTTP/1.1" 200 183878
"GET /external-approvals/total/ HTTP/1.1" 200 874263
"GET /external-approvals/total/ HTTP/1.1" 200 874263
"GET /external-approvals/total/?search=%D8%B5%D9%81%D8%A7%D8%A1 HTTP/1.1" 200 90554
"GET /external-approvals/total/?search=%D8%B5%D9%81%D8%A7%D8%A1 HTTP/1.1" 200 90554
"GET /external-approvals/ HTTP/1.1" 200 53298
"GET /pending-analysis/ HTTP/1.1" 200 169422
"GET /external-approvals/total/ HTTP/1.1" 200 874263
- Broken pipe from ('127.0.0.1', 58520)
"GET /external-approvals/ HTTP/1.1" 200 53298
- Broken pipe from ('127.0.0.1', 59881)
"GET /pending-analysis/ HTTP/1.1" 200 183878
